// Vitest Snapshot v1, https://vitest.dev/guide/snapshot.html

exports[`ConfigurationSearchAndFilters > should match snapshot with default props 1`] = `
<div>
  <div
    class="flex-shrink-0 border-b border-gray-200 p-3"
  >
    <div
      class="mb-3"
    >
      <div
        class="relative"
      >
        <div
          class="pointer-events-none absolute inset-y-0 left-0 flex items-center pl-3"
        >
          <svg
            class="h-4 w-4 text-slate-400"
            fill="none"
            stroke="currentColor"
            viewBox="0 0 24 24"
          >
            <path
              d="M21 21l-6-6m2-5a7 7 0 11-14 0 7 7 0 0114 0z"
              stroke-linecap="round"
              stroke-linejoin="round"
              stroke-width="2"
            />
          </svg>
        </div>
        <input
          class="input-professional w-full py-2.5 pr-4 pl-10 text-sm"
          placeholder="Search..."
          type="text"
          value=""
        />
      </div>
    </div>
    <div
      class="flex items-center gap-2"
    >
      <select
        class="input-professional min-w-0 flex-1 px-3 py-1.5 text-xs font-medium"
      >
        <option
          value="all"
        >
          All Types
        </option>
        <option
          value="feature_gate"
        >
          🚪 Gates
        </option>
        <option
          value="experiment"
        >
          🧪 Experiments
        </option>
        <option
          value="dynamic_config"
        >
          ⚙️ Configs
        </option>
      </select>
      <select
        class="input-professional min-w-0 flex-1 px-3 py-1.5 text-xs font-medium"
      >
        <option
          value="all"
        >
          All Status
        </option>
        <option
          value="passed"
        >
          ✅ Passed
        </option>
        <option
          value="failed"
        >
          ❌ Failed
        </option>
      </select>
    </div>
    <div
      class="mt-3 flex items-center justify-between"
    >
      <div
        class="flex items-center gap-2 text-xs text-slate-600"
      >
        <svg
          class="h-3.5 w-3.5"
          fill="none"
          stroke="currentColor"
          viewBox="0 0 24 24"
        >
          <path
            d="M9 5H7a2 2 0 00-2 2v10a2 2 0 002 2h8a2 2 0 002-2V7a2 2 0 00-2-2h-2M9 5a2 2 0 002 2h2a2 2 0 002-2M9 5a2 2 0 012-2h2a2 2 0 012 2"
            stroke-linecap="round"
            stroke-linejoin="round"
            stroke-width="2"
          />
        </svg>
        <span
          class="font-medium"
        >
          <span>
            10
             configurations
          </span>
        </span>
      </div>
    </div>
  </div>
</div>
`;
