// Vitest Snapshot v1, https://vitest.dev/guide/snapshot.html

exports[`LoadingSpinner > should match snapshot with default props 1`] = `
<div>
  <div
    class="flex flex-col items-center justify-center "
    data-testid="loading-spinner"
  >
    <div
      class="animate-spin rounded-full border-2 border-slate-200 w-8 h-8"
      style="border-top-color: #1e40af; border-right-color: #3b82f6;"
    />
  </div>
</div>
`;
