// Vitest Snapshot v1, https://vitest.dev/guide/snapshot.html

exports[`ViewModeToggle > should match snapshot with popup mode 1`] = `
<div>
  <div
    class="flex items-center gap-2 "
  >
    <button
      class="group relative inline-flex items-center gap-2 px-3 py-2 rounded-lg font-medium text-sm transition-all duration-200 ease-in-out bg-gradient-to-r from-blue-500 to-blue-600 text-white shadow-md hover:from-blue-600 hover:to-blue-700 hover:shadow-lg cursor-pointer hover:scale-105 active:scale-95 disabled:opacity-50 disabled:cursor-not-allowed disabled:transform-none"
      title="Switch to undefined mode (read-only)"
    >
      <svg
        class="transition-transform group-hover:scale-110 h-4 w-4"
        fill="none"
        stroke="currentColor"
        viewBox="0 0 24 24"
      >
        <path
          d="M7 8h10M7 12h4m1 8l-4-4H5a2 2 0 01-2-2V6a2 2 0 012-2h14a2 2 0 012 2v8a2 2 0 01-2 2h-3l-4 4z"
          stroke-linecap="round"
          stroke-linejoin="round"
          stroke-width="2"
        />
      </svg>
      <span
        class="hidden sm:inline"
      >
        Switch to Popup
      </span>
      <span
        class="sm:hidden"
      >
        Popup
      </span>
      <div
        class="absolute inset-0 rounded-lg bg-white opacity-0 transition-opacity duration-200 group-hover:opacity-10"
      />
    </button>
  </div>
</div>
`;
